// Jest Snapshot v1, https://goo.gl/fbAQLP

exports[`events matches snapshot 1`] = `
ReactWrapper {
  "length": 1,
  Symbol(enzyme.__unrendered__): <Events
    addEvents={[Function]}
    suggestedEvents={
        Array [
            Object {
              "name": "party",
            },
          ]
    }
/>,
  Symbol(enzyme.__renderer__): Object {
    "batchedUpdates": [Function],
    "getNode": [Function],
    "render": [Function],
    "simulateEvent": [Function],
    "unmount": [Function],
  },
  Symbol(enzyme.__root__): [Circular],
  Symbol(enzyme.__node__): Object {
    "instance": Events {
      "_reactInternalFiber": FiberNode {
        "_debugID": 5,
        "_debugIsCurrentlyTiming": false,
        "_debugOwner": FiberNode {
          "_debugID": 4,
          "_debugIsCurrentlyTiming": false,
          "_debugOwner": null,
          "_debugSource": null,
          "alternate": null,
          "child": [Circular],
          "effectTag": 1,
          "expirationTime": 0,
          "firstEffect": [Circular],
          "index": 0,
          "key": null,
          "lastEffect": [Circular],
          "memoizedProps": Object {
            "Component": [Function],
            "context": null,
            "props": Object {
              "addEvents": [Function],
              "suggestedEvents": Array [
                Object {
                  "name": "party",
                },
              ],
            },
          },
          "memoizedState": Object {
            "context": null,
            "mount": true,
            "props": Object {
              "addEvents": [Function],
              "suggestedEvents": Array [
                Object {
                  "name": "party",
                },
              ],
            },
          },
          "mode": 0,
          "nextEffect": null,
          "pendingProps": Object {
            "Component": [Function],
            "context": null,
            "props": Object {
              "addEvents": [Function],
              "suggestedEvents": Array [
                Object {
                  "name": "party",
                },
              ],
            },
          },
          "ref": null,
          "return": FiberNode {
            "_debugID": 1,
            "_debugIsCurrentlyTiming": false,
            "_debugOwner": null,
            "_debugSource": null,
            "alternate": FiberNode {
              "_debugID": 1,
              "_debugIsCurrentlyTiming": false,
              "_debugOwner": null,
              "_debugSource": null,
              "alternate": [Circular],
              "child": null,
              "effectTag": 0,
              "expirationTime": 1,
              "firstEffect": null,
              "index": 0,
              "key": null,
              "lastEffect": null,
              "memoizedProps": null,
              "memoizedState": null,
              "mode": 0,
              "nextEffect": null,
              "pendingProps": null,
              "ref": null,
              "return": null,
              "sibling": null,
              "stateNode": Object {
                "containerInfo": <div>
                  <div>
                                    <div
                                                      class="cards-container-small"
                                    >
                                                      <div
                                                                        class="events-small-box"
                                                      >
                                                                        <img
                                                                                          src="https://www.kent.edu/sites/default/files/styles/teaser_image/public/page/B0B_4055crop.JPG?itok=4ie7uvK-"
                                                                        />
                                                                        <h4>
                                                                                          party
                                                                        </h4>
                                                      </div>
                                    </div>
                  </div>
</div>,
                "context": Object {},
                "current": [Circular],
                "finishedWork": null,
                "firstBatch": null,
                "hydrate": false,
                "nextScheduledRoot": null,
                "pendingChildren": null,
                "pendingCommitExpirationTime": 0,
                "pendingContext": null,
                "remainingExpirationTime": 0,
              },
              "tag": 3,
              "type": null,
              "updateQueue": Object {
                "baseState": null,
                "callbackList": null,
                "capturedValues": null,
                "expirationTime": 1,
                "first": Object {
                  "callback": null,
                  "capturedValue": null,
                  "expirationTime": 1,
                  "isForced": false,
                  "isReplace": false,
                  "next": null,
                  "partialState": Object {
                    "element": <WrapperComponent
                      Component={[Function]}
                      context={null}
                      props={
                                            Object {
                                                                  "addEvents": [Function],
                                                                  "suggestedEvents": Array [
                                                                    Object {
                                                                      "name": "party",
                                                                    },
                                                                  ],
                                                                }
                      }
/>,
                  },
                },
                "hasForceUpdate": false,
                "isInitialized": false,
                "isProcessing": false,
                "last": Object {
                  "callback": null,
                  "capturedValue": null,
                  "expirationTime": 1,
                  "isForced": false,
                  "isReplace": false,
                  "next": null,
                  "partialState": Object {
                    "element": <WrapperComponent
                      Component={[Function]}
                      context={null}
                      props={
                                            Object {
                                                                  "addEvents": [Function],
                                                                  "suggestedEvents": Array [
                                                                    Object {
                                                                      "name": "party",
                                                                    },
                                                                  ],
                                                                }
                      }
/>,
                  },
                },
              },
            },
            "child": [Circular],
            "effectTag": 32,
            "expirationTime": 0,
            "firstEffect": [Circular],
            "index": 0,
            "key": null,
            "lastEffect": [Circular],
            "memoizedProps": null,
            "memoizedState": Object {
              "element": <WrapperComponent
                Component={[Function]}
                context={null}
                props={
                                Object {
                                                "addEvents": [Function],
                                                "suggestedEvents": Array [
                                                  Object {
                                                    "name": "party",
                                                  },
                                                ],
                                              }
                }
/>,
            },
            "mode": 0,
            "nextEffect": null,
            "pendingProps": null,
            "ref": null,
            "return": null,
            "sibling": null,
            "stateNode": Object {
              "containerInfo": <div>
                <div>
                                <div
                                                class="cards-container-small"
                                >
                                                <div
                                                                class="events-small-box"
                                                >
                                                                <img
                                                                                src="https://www.kent.edu/sites/default/files/styles/teaser_image/public/page/B0B_4055crop.JPG?itok=4ie7uvK-"
                                                                />
                                                                <h4>
                                                                                party
                                                                </h4>
                                                </div>
                                </div>
                </div>
</div>,
              "context": Object {},
              "current": [Circular],
              "finishedWork": null,
              "firstBatch": null,
              "hydrate": false,
              "nextScheduledRoot": null,
              "pendingChildren": null,
              "pendingCommitExpirationTime": 0,
              "pendingContext": null,
              "remainingExpirationTime": 0,
            },
            "tag": 3,
            "type": null,
            "updateQueue": Object {
              "baseState": Object {
                "element": <WrapperComponent
                  Component={[Function]}
                  context={null}
                  props={
                                    Object {
                                                      "addEvents": [Function],
                                                      "suggestedEvents": Array [
                                                        Object {
                                                          "name": "party",
                                                        },
                                                      ],
                                                    }
                  }
/>,
              },
              "callbackList": null,
              "capturedValues": null,
              "expirationTime": 0,
              "first": null,
              "hasForceUpdate": false,
              "isInitialized": true,
              "isProcessing": false,
              "last": null,
            },
          },
          "sibling": null,
          "stateNode": WrapperComponent {
            "_reactInternalFiber": [Circular],
            "_reactInternalInstance": Object {},
            "context": Object {},
            "props": Object {
              "Component": [Function],
              "context": null,
              "props": Object {
                "addEvents": [Function],
                "suggestedEvents": Array [
                  Object {
                    "name": "party",
                  },
                ],
              },
            },
            "refs": Object {},
            "state": Object {
              "context": null,
              "mount": true,
              "props": Object {
                "addEvents": [Function],
                "suggestedEvents": Array [
                  Object {
                    "name": "party",
                  },
                ],
              },
            },
            "updater": Object {
              "enqueueForceUpdate": [Function],
              "enqueueReplaceState": [Function],
              "enqueueSetState": [Function],
              "isMounted": [Function],
            },
          },
          "tag": 2,
          "type": [Function],
          "updateQueue": null,
        },
        "_debugSource": null,
        "alternate": null,
        "child": FiberNode {
          "_debugID": 6,
          "_debugIsCurrentlyTiming": false,
          "_debugOwner": [Circular],
          "_debugSource": Object {
            "fileName": "/Users/sthefanyospina/Documents/Turing/Mod3/AWC/awc-frontend/src/Components/Home/Events/Events.js",
            "lineNumber": 85,
          },
          "alternate": null,
          "child": FiberNode {
            "_debugID": 7,
            "_debugIsCurrentlyTiming": false,
            "_debugOwner": [Circular],
            "_debugSource": Object {
              "fileName": "/Users/sthefanyospina/Documents/Turing/Mod3/AWC/awc-frontend/src/Components/Home/Events/Events.js",
              "lineNumber": 86,
            },
            "alternate": null,
            "child": FiberNode {
              "_debugID": 8,
              "_debugIsCurrentlyTiming": false,
              "_debugOwner": [Circular],
              "_debugSource": Object {
                "fileName": "/Users/sthefanyospina/Documents/Turing/Mod3/AWC/awc-frontend/src/Components/Home/Events/Events.js",
                "lineNumber": 55,
              },
              "alternate": null,
              "child": FiberNode {
                "_debugID": 9,
                "_debugIsCurrentlyTiming": false,
                "_debugOwner": [Circular],
                "_debugSource": Object {
                  "fileName": "/Users/sthefanyospina/Documents/Turing/Mod3/AWC/awc-frontend/src/Components/Home/Events/Events.js",
                  "lineNumber": 56,
                },
                "alternate": null,
                "child": null,
                "effectTag": 0,
                "expirationTime": 0,
                "firstEffect": null,
                "index": 0,
                "key": null,
                "lastEffect": null,
                "memoizedProps": Object {
                  "src": "https://www.kent.edu/sites/default/files/styles/teaser_image/public/page/B0B_4055crop.JPG?itok=4ie7uvK-",
                },
                "memoizedState": null,
                "mode": 0,
                "nextEffect": null,
                "pendingProps": Object {
                  "src": "https://www.kent.edu/sites/default/files/styles/teaser_image/public/page/B0B_4055crop.JPG?itok=4ie7uvK-",
                },
                "ref": null,
                "return": [Circular],
                "sibling": FiberNode {
                  "_debugID": 10,
                  "_debugIsCurrentlyTiming": false,
                  "_debugOwner": [Circular],
                  "_debugSource": Object {
                    "fileName": "/Users/sthefanyospina/Documents/Turing/Mod3/AWC/awc-frontend/src/Components/Home/Events/Events.js",
                    "lineNumber": 57,
                  },
                  "alternate": null,
                  "child": null,
                  "effectTag": 0,
                  "expirationTime": 0,
                  "firstEffect": null,
                  "index": 1,
                  "key": null,
                  "lastEffect": null,
                  "memoizedProps": Object {
                    "children": "party",
                  },
                  "memoizedState": null,
                  "mode": 0,
                  "nextEffect": null,
                  "pendingProps": Object {
                    "children": "party",
                  },
                  "ref": null,
                  "return": [Circular],
                  "sibling": null,
                  "stateNode": <h4>
                    party
</h4>,
                  "tag": 5,
                  "type": "h4",
                  "updateQueue": null,
                },
                "stateNode": <img
                  src="https://www.kent.edu/sites/default/files/styles/teaser_image/public/page/B0B_4055crop.JPG?itok=4ie7uvK-"
/>,
                "tag": 5,
                "type": "img",
                "updateQueue": null,
              },
              "effectTag": 0,
              "expirationTime": 0,
              "firstEffect": null,
              "index": 0,
              "key": null,
              "lastEffect": null,
              "memoizedProps": Object {
                "children": Array [
                  <img
                    src="https://www.kent.edu/sites/default/files/styles/teaser_image/public/page/B0B_4055crop.JPG?itok=4ie7uvK-"
/>,
                  <h4>
                    party
</h4>,
                ],
                "className": "events-small-box",
              },
              "memoizedState": null,
              "mode": 0,
              "nextEffect": null,
              "pendingProps": Object {
                "children": Array [
                  <img
                    src="https://www.kent.edu/sites/default/files/styles/teaser_image/public/page/B0B_4055crop.JPG?itok=4ie7uvK-"
/>,
                  <h4>
                    party
</h4>,
                ],
                "className": "events-small-box",
              },
              "ref": null,
              "return": [Circular],
              "sibling": null,
              "stateNode": <div
                class="events-small-box"
>
                <img
                                src="https://www.kent.edu/sites/default/files/styles/teaser_image/public/page/B0B_4055crop.JPG?itok=4ie7uvK-"
                />
                <h4>
                                party
                </h4>
</div>,
              "tag": 5,
              "type": "div",
              "updateQueue": null,
            },
            "effectTag": 0,
            "expirationTime": 0,
            "firstEffect": null,
            "index": 0,
            "key": null,
            "lastEffect": null,
            "memoizedProps": Object {
              "children": Array [
                <div
                  className="events-small-box"
>
                  <img
                                    src="https://www.kent.edu/sites/default/files/styles/teaser_image/public/page/B0B_4055crop.JPG?itok=4ie7uvK-"
                  />
                  <h4>
                                    party
                  </h4>
</div>,
              ],
              "className": "cards-container-small",
            },
            "memoizedState": null,
            "mode": 0,
            "nextEffect": null,
            "pendingProps": Object {
              "children": Array [
                <div
                  className="events-small-box"
>
                  <img
                                    src="https://www.kent.edu/sites/default/files/styles/teaser_image/public/page/B0B_4055crop.JPG?itok=4ie7uvK-"
                  />
                  <h4>
                                    party
                  </h4>
</div>,
              ],
              "className": "cards-container-small",
            },
            "ref": null,
            "return": [Circular],
            "sibling": null,
            "stateNode": <div
              class="cards-container-small"
>
              <div
                            class="events-small-box"
              >
                            <img
                                          src="https://www.kent.edu/sites/default/files/styles/teaser_image/public/page/B0B_4055crop.JPG?itok=4ie7uvK-"
                            />
                            <h4>
                                          party
                            </h4>
              </div>
</div>,
            "tag": 5,
            "type": "div",
            "updateQueue": null,
          },
          "effectTag": 0,
          "expirationTime": 0,
          "firstEffect": null,
          "index": 0,
          "key": null,
          "lastEffect": null,
          "memoizedProps": Object {
            "children": <div
              className="cards-container-small"
>
              <div
                            className="events-small-box"
              >
                            <img
                                          src="https://www.kent.edu/sites/default/files/styles/teaser_image/public/page/B0B_4055crop.JPG?itok=4ie7uvK-"
                            />
                            <h4>
                                          party
                            </h4>
              </div>
</div>,
          },
          "memoizedState": null,
          "mode": 0,
          "nextEffect": null,
          "pendingProps": Object {
            "children": <div
              className="cards-container-small"
>
              <div
                            className="events-small-box"
              >
                            <img
                                          src="https://www.kent.edu/sites/default/files/styles/teaser_image/public/page/B0B_4055crop.JPG?itok=4ie7uvK-"
                            />
                            <h4>
                                          party
                            </h4>
              </div>
</div>,
          },
          "ref": null,
          "return": [Circular],
          "sibling": null,
          "stateNode": <div>
            <div
                        class="cards-container-small"
            >
                        <div
                                    class="events-small-box"
                        >
                                    <img
                                                src="https://www.kent.edu/sites/default/files/styles/teaser_image/public/page/B0B_4055crop.JPG?itok=4ie7uvK-"
                                    />
                                    <h4>
                                                party
                                    </h4>
                        </div>
            </div>
</div>,
          "tag": 5,
          "type": "div",
          "updateQueue": null,
        },
        "effectTag": 5,
        "expirationTime": 0,
        "firstEffect": null,
        "index": 0,
        "key": null,
        "lastEffect": null,
        "memoizedProps": Object {
          "addEvents": [Function],
          "suggestedEvents": Array [
            Object {
              "name": "party",
            },
          ],
        },
        "memoizedState": null,
        "mode": 0,
        "nextEffect": null,
        "pendingProps": Object {
          "addEvents": [Function],
          "suggestedEvents": Array [
            Object {
              "name": "party",
            },
          ],
        },
        "ref": null,
        "return": FiberNode {
          "_debugID": 4,
          "_debugIsCurrentlyTiming": false,
          "_debugOwner": null,
          "_debugSource": null,
          "alternate": null,
          "child": [Circular],
          "effectTag": 1,
          "expirationTime": 0,
          "firstEffect": [Circular],
          "index": 0,
          "key": null,
          "lastEffect": [Circular],
          "memoizedProps": Object {
            "Component": [Function],
            "context": null,
            "props": Object {
              "addEvents": [Function],
              "suggestedEvents": Array [
                Object {
                  "name": "party",
                },
              ],
            },
          },
          "memoizedState": Object {
            "context": null,
            "mount": true,
            "props": Object {
              "addEvents": [Function],
              "suggestedEvents": Array [
                Object {
                  "name": "party",
                },
              ],
            },
          },
          "mode": 0,
          "nextEffect": null,
          "pendingProps": Object {
            "Component": [Function],
            "context": null,
            "props": Object {
              "addEvents": [Function],
              "suggestedEvents": Array [
                Object {
                  "name": "party",
                },
              ],
            },
          },
          "ref": null,
          "return": FiberNode {
            "_debugID": 1,
            "_debugIsCurrentlyTiming": false,
            "_debugOwner": null,
            "_debugSource": null,
            "alternate": FiberNode {
              "_debugID": 1,
              "_debugIsCurrentlyTiming": false,
              "_debugOwner": null,
              "_debugSource": null,
              "alternate": [Circular],
              "child": null,
              "effectTag": 0,
              "expirationTime": 1,
              "firstEffect": null,
              "index": 0,
              "key": null,
              "lastEffect": null,
              "memoizedProps": null,
              "memoizedState": null,
              "mode": 0,
              "nextEffect": null,
              "pendingProps": null,
              "ref": null,
              "return": null,
              "sibling": null,
              "stateNode": Object {
                "containerInfo": <div>
                  <div>
                                    <div
                                                      class="cards-container-small"
                                    >
                                                      <div
                                                                        class="events-small-box"
                                                      >
                                                                        <img
                                                                                          src="https://www.kent.edu/sites/default/files/styles/teaser_image/public/page/B0B_4055crop.JPG?itok=4ie7uvK-"
                                                                        />
                                                                        <h4>
                                                                                          party
                                                                        </h4>
                                                      </div>
                                    </div>
                  </div>
</div>,
                "context": Object {},
                "current": [Circular],
                "finishedWork": null,
                "firstBatch": null,
                "hydrate": false,
                "nextScheduledRoot": null,
                "pendingChildren": null,
                "pendingCommitExpirationTime": 0,
                "pendingContext": null,
                "remainingExpirationTime": 0,
              },
              "tag": 3,
              "type": null,
              "updateQueue": Object {
                "baseState": null,
                "callbackList": null,
                "capturedValues": null,
                "expirationTime": 1,
                "first": Object {
                  "callback": null,
                  "capturedValue": null,
                  "expirationTime": 1,
                  "isForced": false,
                  "isReplace": false,
                  "next": null,
                  "partialState": Object {
                    "element": <WrapperComponent
                      Component={[Function]}
                      context={null}
                      props={
                                            Object {
                                                                  "addEvents": [Function],
                                                                  "suggestedEvents": Array [
                                                                    Object {
                                                                      "name": "party",
                                                                    },
                                                                  ],
                                                                }
                      }
/>,
                  },
                },
                "hasForceUpdate": false,
                "isInitialized": false,
                "isProcessing": false,
                "last": Object {
                  "callback": null,
                  "capturedValue": null,
                  "expirationTime": 1,
                  "isForced": false,
                  "isReplace": false,
                  "next": null,
                  "partialState": Object {
                    "element": <WrapperComponent
                      Component={[Function]}
                      context={null}
                      props={
                                            Object {
                                                                  "addEvents": [Function],
                                                                  "suggestedEvents": Array [
                                                                    Object {
                                                                      "name": "party",
                                                                    },
                                                                  ],
                                                                }
                      }
/>,
                  },
                },
              },
            },
            "child": [Circular],
            "effectTag": 32,
            "expirationTime": 0,
            "firstEffect": [Circular],
            "index": 0,
            "key": null,
            "lastEffect": [Circular],
            "memoizedProps": null,
            "memoizedState": Object {
              "element": <WrapperComponent
                Component={[Function]}
                context={null}
                props={
                                Object {
                                                "addEvents": [Function],
                                                "suggestedEvents": Array [
                                                  Object {
                                                    "name": "party",
                                                  },
                                                ],
                                              }
                }
/>,
            },
            "mode": 0,
            "nextEffect": null,
            "pendingProps": null,
            "ref": null,
            "return": null,
            "sibling": null,
            "stateNode": Object {
              "containerInfo": <div>
                <div>
                                <div
                                                class="cards-container-small"
                                >
                                                <div
                                                                class="events-small-box"
                                                >
                                                                <img
                                                                                src="https://www.kent.edu/sites/default/files/styles/teaser_image/public/page/B0B_4055crop.JPG?itok=4ie7uvK-"
                                                                />
                                                                <h4>
                                                                                party
                                                                </h4>
                                                </div>
                                </div>
                </div>
</div>,
              "context": Object {},
              "current": [Circular],
              "finishedWork": null,
              "firstBatch": null,
              "hydrate": false,
              "nextScheduledRoot": null,
              "pendingChildren": null,
              "pendingCommitExpirationTime": 0,
              "pendingContext": null,
              "remainingExpirationTime": 0,
            },
            "tag": 3,
            "type": null,
            "updateQueue": Object {
              "baseState": Object {
                "element": <WrapperComponent
                  Component={[Function]}
                  context={null}
                  props={
                                    Object {
                                                      "addEvents": [Function],
                                                      "suggestedEvents": Array [
                                                        Object {
                                                          "name": "party",
                                                        },
                                                      ],
                                                    }
                  }
/>,
              },
              "callbackList": null,
              "capturedValues": null,
              "expirationTime": 0,
              "first": null,
              "hasForceUpdate": false,
              "isInitialized": true,
              "isProcessing": false,
              "last": null,
            },
          },
          "sibling": null,
          "stateNode": WrapperComponent {
            "_reactInternalFiber": [Circular],
            "_reactInternalInstance": Object {},
            "context": Object {},
            "props": Object {
              "Component": [Function],
              "context": null,
              "props": Object {
                "addEvents": [Function],
                "suggestedEvents": Array [
                  Object {
                    "name": "party",
                  },
                ],
              },
            },
            "refs": Object {},
            "state": Object {
              "context": null,
              "mount": true,
              "props": Object {
                "addEvents": [Function],
                "suggestedEvents": Array [
                  Object {
                    "name": "party",
                  },
                ],
              },
            },
            "updater": Object {
              "enqueueForceUpdate": [Function],
              "enqueueReplaceState": [Function],
              "enqueueSetState": [Function],
              "isMounted": [Function],
            },
          },
          "tag": 2,
          "type": [Function],
          "updateQueue": null,
        },
        "sibling": null,
        "stateNode": [Circular],
        "tag": 2,
        "type": [Function],
        "updateQueue": null,
      },
      "_reactInternalInstance": Object {},
      "context": Object {},
      "displayEvents": [Function],
      "eventsInMain": [Function],
      "fetchEvents": [Function],
      "props": Object {
        "addEvents": [Function],
        "suggestedEvents": Array [
          Object {
            "name": "party",
          },
        ],
      },
      "refs": Object {},
      "state": null,
      "updater": Object {
        "enqueueForceUpdate": [Function],
        "enqueueReplaceState": [Function],
        "enqueueSetState": [Function],
        "isMounted": [Function],
      },
    },
    "key": undefined,
    "nodeType": "class",
    "props": Object {
      "addEvents": [Function],
      "suggestedEvents": Array [
        Object {
          "name": "party",
        },
      ],
    },
    "ref": null,
    "rendered": Object {
      "instance": <div>
        <div
                class="cards-container-small"
        >
                <div
                        class="events-small-box"
                >
                        <img
                                src="https://www.kent.edu/sites/default/files/styles/teaser_image/public/page/B0B_4055crop.JPG?itok=4ie7uvK-"
                        />
                        <h4>
                                party
                        </h4>
                </div>
        </div>
</div>,
      "key": undefined,
      "nodeType": "host",
      "props": Object {
        "children": <div
          className="cards-container-small"
>
          <div
                    className="events-small-box"
          >
                    <img
                              src="https://www.kent.edu/sites/default/files/styles/teaser_image/public/page/B0B_4055crop.JPG?itok=4ie7uvK-"
                    />
                    <h4>
                              party
                    </h4>
          </div>
</div>,
      },
      "ref": null,
      "rendered": Array [
        Object {
          "instance": <div
            class="cards-container-small"
>
            <div
                        class="events-small-box"
            >
                        <img
                                    src="https://www.kent.edu/sites/default/files/styles/teaser_image/public/page/B0B_4055crop.JPG?itok=4ie7uvK-"
                        />
                        <h4>
                                    party
                        </h4>
            </div>
</div>,
          "key": undefined,
          "nodeType": "host",
          "props": Object {
            "children": Array [
              <div
                className="events-small-box"
>
                <img
                                src="https://www.kent.edu/sites/default/files/styles/teaser_image/public/page/B0B_4055crop.JPG?itok=4ie7uvK-"
                />
                <h4>
                                party
                </h4>
</div>,
            ],
            "className": "cards-container-small",
          },
          "ref": null,
          "rendered": Array [
            Object {
              "instance": <div
                class="events-small-box"
>
                <img
                                src="https://www.kent.edu/sites/default/files/styles/teaser_image/public/page/B0B_4055crop.JPG?itok=4ie7uvK-"
                />
                <h4>
                                party
                </h4>
</div>,
              "key": undefined,
              "nodeType": "host",
              "props": Object {
                "children": Array [
                  <img
                    src="https://www.kent.edu/sites/default/files/styles/teaser_image/public/page/B0B_4055crop.JPG?itok=4ie7uvK-"
/>,
                  <h4>
                    party
</h4>,
                ],
                "className": "events-small-box",
              },
              "ref": null,
              "rendered": Array [
                Object {
                  "instance": <img
                    src="https://www.kent.edu/sites/default/files/styles/teaser_image/public/page/B0B_4055crop.JPG?itok=4ie7uvK-"
/>,
                  "key": undefined,
                  "nodeType": "host",
                  "props": Object {
                    "src": "https://www.kent.edu/sites/default/files/styles/teaser_image/public/page/B0B_4055crop.JPG?itok=4ie7uvK-",
                  },
                  "ref": null,
                  "rendered": Array [
                    undefined,
                  ],
                  "type": "img",
                },
                Object {
                  "instance": <h4>
                    party
</h4>,
                  "key": undefined,
                  "nodeType": "host",
                  "props": Object {
                    "children": "party",
                  },
                  "ref": null,
                  "rendered": Array [
                    "party",
                  ],
                  "type": "h4",
                },
              ],
              "type": "div",
            },
          ],
          "type": "div",
        },
      ],
      "type": "div",
    },
    "type": [Function],
  },
  Symbol(enzyme.__nodes__): Array [
    Object {
      "instance": Events {
        "_reactInternalFiber": FiberNode {
          "_debugID": 5,
          "_debugIsCurrentlyTiming": false,
          "_debugOwner": FiberNode {
            "_debugID": 4,
            "_debugIsCurrentlyTiming": false,
            "_debugOwner": null,
            "_debugSource": null,
            "alternate": null,
            "child": [Circular],
            "effectTag": 1,
            "expirationTime": 0,
            "firstEffect": [Circular],
            "index": 0,
            "key": null,
            "lastEffect": [Circular],
            "memoizedProps": Object {
              "Component": [Function],
              "context": null,
              "props": Object {
                "addEvents": [Function],
                "suggestedEvents": Array [
                  Object {
                    "name": "party",
                  },
                ],
              },
            },
            "memoizedState": Object {
              "context": null,
              "mount": true,
              "props": Object {
                "addEvents": [Function],
                "suggestedEvents": Array [
                  Object {
                    "name": "party",
                  },
                ],
              },
            },
            "mode": 0,
            "nextEffect": null,
            "pendingProps": Object {
              "Component": [Function],
              "context": null,
              "props": Object {
                "addEvents": [Function],
                "suggestedEvents": Array [
                  Object {
                    "name": "party",
                  },
                ],
              },
            },
            "ref": null,
            "return": FiberNode {
              "_debugID": 1,
              "_debugIsCurrentlyTiming": false,
              "_debugOwner": null,
              "_debugSource": null,
              "alternate": FiberNode {
                "_debugID": 1,
                "_debugIsCurrentlyTiming": false,
                "_debugOwner": null,
                "_debugSource": null,
                "alternate": [Circular],
                "child": null,
                "effectTag": 0,
                "expirationTime": 1,
                "firstEffect": null,
                "index": 0,
                "key": null,
                "lastEffect": null,
                "memoizedProps": null,
                "memoizedState": null,
                "mode": 0,
                "nextEffect": null,
                "pendingProps": null,
                "ref": null,
                "return": null,
                "sibling": null,
                "stateNode": Object {
                  "containerInfo": <div>
                    <div>
                                        <div
                                                            class="cards-container-small"
                                        >
                                                            <div
                                                                                class="events-small-box"
                                                            >
                                                                                <img
                                                                                                    src="https://www.kent.edu/sites/default/files/styles/teaser_image/public/page/B0B_4055crop.JPG?itok=4ie7uvK-"
                                                                                />
                                                                                <h4>
                                                                                                    party
                                                                                </h4>
                                                            </div>
                                        </div>
                    </div>
</div>,
                  "context": Object {},
                  "current": [Circular],
                  "finishedWork": null,
                  "firstBatch": null,
                  "hydrate": false,
                  "nextScheduledRoot": null,
                  "pendingChildren": null,
                  "pendingCommitExpirationTime": 0,
                  "pendingContext": null,
                  "remainingExpirationTime": 0,
                },
                "tag": 3,
                "type": null,
                "updateQueue": Object {
                  "baseState": null,
                  "callbackList": null,
                  "capturedValues": null,
                  "expirationTime": 1,
                  "first": Object {
                    "callback": null,
                    "capturedValue": null,
                    "expirationTime": 1,
                    "isForced": false,
                    "isReplace": false,
                    "next": null,
                    "partialState": Object {
                      "element": <WrapperComponent
                        Component={[Function]}
                        context={null}
                        props={
                                                Object {
                                                                        "addEvents": [Function],
                                                                        "suggestedEvents": Array [
                                                                          Object {
                                                                            "name": "party",
                                                                          },
                                                                        ],
                                                                      }
                        }
/>,
                    },
                  },
                  "hasForceUpdate": false,
                  "isInitialized": false,
                  "isProcessing": false,
                  "last": Object {
                    "callback": null,
                    "capturedValue": null,
                    "expirationTime": 1,
                    "isForced": false,
                    "isReplace": false,
                    "next": null,
                    "partialState": Object {
                      "element": <WrapperComponent
                        Component={[Function]}
                        context={null}
                        props={
                                                Object {
                                                                        "addEvents": [Function],
                                                                        "suggestedEvents": Array [
                                                                          Object {
                                                                            "name": "party",
                                                                          },
                                                                        ],
                                                                      }
                        }
/>,
                    },
                  },
                },
              },
              "child": [Circular],
              "effectTag": 32,
              "expirationTime": 0,
              "firstEffect": [Circular],
              "index": 0,
              "key": null,
              "lastEffect": [Circular],
              "memoizedProps": null,
              "memoizedState": Object {
                "element": <WrapperComponent
                  Component={[Function]}
                  context={null}
                  props={
                                    Object {
                                                      "addEvents": [Function],
                                                      "suggestedEvents": Array [
                                                        Object {
                                                          "name": "party",
                                                        },
                                                      ],
                                                    }
                  }
/>,
              },
              "mode": 0,
              "nextEffect": null,
              "pendingProps": null,
              "ref": null,
              "return": null,
              "sibling": null,
              "stateNode": Object {
                "containerInfo": <div>
                  <div>
                                    <div
                                                      class="cards-container-small"
                                    >
                                                      <div
                                                                        class="events-small-box"
                                                      >
                                                                        <img
                                                                                          src="https://www.kent.edu/sites/default/files/styles/teaser_image/public/page/B0B_4055crop.JPG?itok=4ie7uvK-"
                                                                        />
                                                                        <h4>
                                                                                          party
                                                                        </h4>
                                                      </div>
                                    </div>
                  </div>
</div>,
                "context": Object {},
                "current": [Circular],
                "finishedWork": null,
                "firstBatch": null,
                "hydrate": false,
                "nextScheduledRoot": null,
                "pendingChildren": null,
                "pendingCommitExpirationTime": 0,
                "pendingContext": null,
                "remainingExpirationTime": 0,
              },
              "tag": 3,
              "type": null,
              "updateQueue": Object {
                "baseState": Object {
                  "element": <WrapperComponent
                    Component={[Function]}
                    context={null}
                    props={
                                        Object {
                                                            "addEvents": [Function],
                                                            "suggestedEvents": Array [
                                                              Object {
                                                                "name": "party",
                                                              },
                                                            ],
                                                          }
                    }
/>,
                },
                "callbackList": null,
                "capturedValues": null,
                "expirationTime": 0,
                "first": null,
                "hasForceUpdate": false,
                "isInitialized": true,
                "isProcessing": false,
                "last": null,
              },
            },
            "sibling": null,
            "stateNode": WrapperComponent {
              "_reactInternalFiber": [Circular],
              "_reactInternalInstance": Object {},
              "context": Object {},
              "props": Object {
                "Component": [Function],
                "context": null,
                "props": Object {
                  "addEvents": [Function],
                  "suggestedEvents": Array [
                    Object {
                      "name": "party",
                    },
                  ],
                },
              },
              "refs": Object {},
              "state": Object {
                "context": null,
                "mount": true,
                "props": Object {
                  "addEvents": [Function],
                  "suggestedEvents": Array [
                    Object {
                      "name": "party",
                    },
                  ],
                },
              },
              "updater": Object {
                "enqueueForceUpdate": [Function],
                "enqueueReplaceState": [Function],
                "enqueueSetState": [Function],
                "isMounted": [Function],
              },
            },
            "tag": 2,
            "type": [Function],
            "updateQueue": null,
          },
          "_debugSource": null,
          "alternate": null,
          "child": FiberNode {
            "_debugID": 6,
            "_debugIsCurrentlyTiming": false,
            "_debugOwner": [Circular],
            "_debugSource": Object {
              "fileName": "/Users/sthefanyospina/Documents/Turing/Mod3/AWC/awc-frontend/src/Components/Home/Events/Events.js",
              "lineNumber": 85,
            },
            "alternate": null,
            "child": FiberNode {
              "_debugID": 7,
              "_debugIsCurrentlyTiming": false,
              "_debugOwner": [Circular],
              "_debugSource": Object {
                "fileName": "/Users/sthefanyospina/Documents/Turing/Mod3/AWC/awc-frontend/src/Components/Home/Events/Events.js",
                "lineNumber": 86,
              },
              "alternate": null,
              "child": FiberNode {
                "_debugID": 8,
                "_debugIsCurrentlyTiming": false,
                "_debugOwner": [Circular],
                "_debugSource": Object {
                  "fileName": "/Users/sthefanyospina/Documents/Turing/Mod3/AWC/awc-frontend/src/Components/Home/Events/Events.js",
                  "lineNumber": 55,
                },
                "alternate": null,
                "child": FiberNode {
                  "_debugID": 9,
                  "_debugIsCurrentlyTiming": false,
                  "_debugOwner": [Circular],
                  "_debugSource": Object {
                    "fileName": "/Users/sthefanyospina/Documents/Turing/Mod3/AWC/awc-frontend/src/Components/Home/Events/Events.js",
                    "lineNumber": 56,
                  },
                  "alternate": null,
                  "child": null,
                  "effectTag": 0,
                  "expirationTime": 0,
                  "firstEffect": null,
                  "index": 0,
                  "key": null,
                  "lastEffect": null,
                  "memoizedProps": Object {
                    "src": "https://www.kent.edu/sites/default/files/styles/teaser_image/public/page/B0B_4055crop.JPG?itok=4ie7uvK-",
                  },
                  "memoizedState": null,
                  "mode": 0,
                  "nextEffect": null,
                  "pendingProps": Object {
                    "src": "https://www.kent.edu/sites/default/files/styles/teaser_image/public/page/B0B_4055crop.JPG?itok=4ie7uvK-",
                  },
                  "ref": null,
                  "return": [Circular],
                  "sibling": FiberNode {
                    "_debugID": 10,
                    "_debugIsCurrentlyTiming": false,
                    "_debugOwner": [Circular],
                    "_debugSource": Object {
                      "fileName": "/Users/sthefanyospina/Documents/Turing/Mod3/AWC/awc-frontend/src/Components/Home/Events/Events.js",
                      "lineNumber": 57,
                    },
                    "alternate": null,
                    "child": null,
                    "effectTag": 0,
                    "expirationTime": 0,
                    "firstEffect": null,
                    "index": 1,
                    "key": null,
                    "lastEffect": null,
                    "memoizedProps": Object {
                      "children": "party",
                    },
                    "memoizedState": null,
                    "mode": 0,
                    "nextEffect": null,
                    "pendingProps": Object {
                      "children": "party",
                    },
                    "ref": null,
                    "return": [Circular],
                    "sibling": null,
                    "stateNode": <h4>
                      party
</h4>,
                    "tag": 5,
                    "type": "h4",
                    "updateQueue": null,
                  },
                  "stateNode": <img
                    src="https://www.kent.edu/sites/default/files/styles/teaser_image/public/page/B0B_4055crop.JPG?itok=4ie7uvK-"
/>,
                  "tag": 5,
                  "type": "img",
                  "updateQueue": null,
                },
                "effectTag": 0,
                "expirationTime": 0,
                "firstEffect": null,
                "index": 0,
                "key": null,
                "lastEffect": null,
                "memoizedProps": Object {
                  "children": Array [
                    <img
                      src="https://www.kent.edu/sites/default/files/styles/teaser_image/public/page/B0B_4055crop.JPG?itok=4ie7uvK-"
/>,
                    <h4>
                      party
</h4>,
                  ],
                  "className": "events-small-box",
                },
                "memoizedState": null,
                "mode": 0,
                "nextEffect": null,
                "pendingProps": Object {
                  "children": Array [
                    <img
                      src="https://www.kent.edu/sites/default/files/styles/teaser_image/public/page/B0B_4055crop.JPG?itok=4ie7uvK-"
/>,
                    <h4>
                      party
</h4>,
                  ],
                  "className": "events-small-box",
                },
                "ref": null,
                "return": [Circular],
                "sibling": null,
                "stateNode": <div
                  class="events-small-box"
>
                  <img
                                    src="https://www.kent.edu/sites/default/files/styles/teaser_image/public/page/B0B_4055crop.JPG?itok=4ie7uvK-"
                  />
                  <h4>
                                    party
                  </h4>
</div>,
                "tag": 5,
                "type": "div",
                "updateQueue": null,
              },
              "effectTag": 0,
              "expirationTime": 0,
              "firstEffect": null,
              "index": 0,
              "key": null,
              "lastEffect": null,
              "memoizedProps": Object {
                "children": Array [
                  <div
                    className="events-small-box"
>
                    <img
                                        src="https://www.kent.edu/sites/default/files/styles/teaser_image/public/page/B0B_4055crop.JPG?itok=4ie7uvK-"
                    />
                    <h4>
                                        party
                    </h4>
</div>,
                ],
                "className": "cards-container-small",
              },
              "memoizedState": null,
              "mode": 0,
              "nextEffect": null,
              "pendingProps": Object {
                "children": Array [
                  <div
                    className="events-small-box"
>
                    <img
                                        src="https://www.kent.edu/sites/default/files/styles/teaser_image/public/page/B0B_4055crop.JPG?itok=4ie7uvK-"
                    />
                    <h4>
                                        party
                    </h4>
</div>,
                ],
                "className": "cards-container-small",
              },
              "ref": null,
              "return": [Circular],
              "sibling": null,
              "stateNode": <div
                class="cards-container-small"
>
                <div
                                class="events-small-box"
                >
                                <img
                                                src="https://www.kent.edu/sites/default/files/styles/teaser_image/public/page/B0B_4055crop.JPG?itok=4ie7uvK-"
                                />
                                <h4>
                                                party
                                </h4>
                </div>
</div>,
              "tag": 5,
              "type": "div",
              "updateQueue": null,
            },
            "effectTag": 0,
            "expirationTime": 0,
            "firstEffect": null,
            "index": 0,
            "key": null,
            "lastEffect": null,
            "memoizedProps": Object {
              "children": <div
                className="cards-container-small"
>
                <div
                                className="events-small-box"
                >
                                <img
                                                src="https://www.kent.edu/sites/default/files/styles/teaser_image/public/page/B0B_4055crop.JPG?itok=4ie7uvK-"
                                />
                                <h4>
                                                party
                                </h4>
                </div>
</div>,
            },
            "memoizedState": null,
            "mode": 0,
            "nextEffect": null,
            "pendingProps": Object {
              "children": <div
                className="cards-container-small"
>
                <div
                                className="events-small-box"
                >
                                <img
                                                src="https://www.kent.edu/sites/default/files/styles/teaser_image/public/page/B0B_4055crop.JPG?itok=4ie7uvK-"
                                />
                                <h4>
                                                party
                                </h4>
                </div>
</div>,
            },
            "ref": null,
            "return": [Circular],
            "sibling": null,
            "stateNode": <div>
              <div
                            class="cards-container-small"
              >
                            <div
                                          class="events-small-box"
                            >
                                          <img
                                                        src="https://www.kent.edu/sites/default/files/styles/teaser_image/public/page/B0B_4055crop.JPG?itok=4ie7uvK-"
                                          />
                                          <h4>
                                                        party
                                          </h4>
                            </div>
              </div>
</div>,
            "tag": 5,
            "type": "div",
            "updateQueue": null,
          },
          "effectTag": 5,
          "expirationTime": 0,
          "firstEffect": null,
          "index": 0,
          "key": null,
          "lastEffect": null,
          "memoizedProps": Object {
            "addEvents": [Function],
            "suggestedEvents": Array [
              Object {
                "name": "party",
              },
            ],
          },
          "memoizedState": null,
          "mode": 0,
          "nextEffect": null,
          "pendingProps": Object {
            "addEvents": [Function],
            "suggestedEvents": Array [
              Object {
                "name": "party",
              },
            ],
          },
          "ref": null,
          "return": FiberNode {
            "_debugID": 4,
            "_debugIsCurrentlyTiming": false,
            "_debugOwner": null,
            "_debugSource": null,
            "alternate": null,
            "child": [Circular],
            "effectTag": 1,
            "expirationTime": 0,
            "firstEffect": [Circular],
            "index": 0,
            "key": null,
            "lastEffect": [Circular],
            "memoizedProps": Object {
              "Component": [Function],
              "context": null,
              "props": Object {
                "addEvents": [Function],
                "suggestedEvents": Array [
                  Object {
                    "name": "party",
                  },
                ],
              },
            },
            "memoizedState": Object {
              "context": null,
              "mount": true,
              "props": Object {
                "addEvents": [Function],
                "suggestedEvents": Array [
                  Object {
                    "name": "party",
                  },
                ],
              },
            },
            "mode": 0,
            "nextEffect": null,
            "pendingProps": Object {
              "Component": [Function],
              "context": null,
              "props": Object {
                "addEvents": [Function],
                "suggestedEvents": Array [
                  Object {
                    "name": "party",
                  },
                ],
              },
            },
            "ref": null,
            "return": FiberNode {
              "_debugID": 1,
              "_debugIsCurrentlyTiming": false,
              "_debugOwner": null,
              "_debugSource": null,
              "alternate": FiberNode {
                "_debugID": 1,
                "_debugIsCurrentlyTiming": false,
                "_debugOwner": null,
                "_debugSource": null,
                "alternate": [Circular],
                "child": null,
                "effectTag": 0,
                "expirationTime": 1,
                "firstEffect": null,
                "index": 0,
                "key": null,
                "lastEffect": null,
                "memoizedProps": null,
                "memoizedState": null,
                "mode": 0,
                "nextEffect": null,
                "pendingProps": null,
                "ref": null,
                "return": null,
                "sibling": null,
                "stateNode": Object {
                  "containerInfo": <div>
                    <div>
                                        <div
                                                            class="cards-container-small"
                                        >
                                                            <div
                                                                                class="events-small-box"
                                                            >
                                                                                <img
                                                                                                    src="https://www.kent.edu/sites/default/files/styles/teaser_image/public/page/B0B_4055crop.JPG?itok=4ie7uvK-"
                                                                                />
                                                                                <h4>
                                                                                                    party
                                                                                </h4>
                                                            </div>
                                        </div>
                    </div>
</div>,
                  "context": Object {},
                  "current": [Circular],
                  "finishedWork": null,
                  "firstBatch": null,
                  "hydrate": false,
                  "nextScheduledRoot": null,
                  "pendingChildren": null,
                  "pendingCommitExpirationTime": 0,
                  "pendingContext": null,
                  "remainingExpirationTime": 0,
                },
                "tag": 3,
                "type": null,
                "updateQueue": Object {
                  "baseState": null,
                  "callbackList": null,
                  "capturedValues": null,
                  "expirationTime": 1,
                  "first": Object {
                    "callback": null,
                    "capturedValue": null,
                    "expirationTime": 1,
                    "isForced": false,
                    "isReplace": false,
                    "next": null,
                    "partialState": Object {
                      "element": <WrapperComponent
                        Component={[Function]}
                        context={null}
                        props={
                                                Object {
                                                                        "addEvents": [Function],
                                                                        "suggestedEvents": Array [
                                                                          Object {
                                                                            "name": "party",
                                                                          },
                                                                        ],
                                                                      }
                        }
/>,
                    },
                  },
                  "hasForceUpdate": false,
                  "isInitialized": false,
                  "isProcessing": false,
                  "last": Object {
                    "callback": null,
                    "capturedValue": null,
                    "expirationTime": 1,
                    "isForced": false,
                    "isReplace": false,
                    "next": null,
                    "partialState": Object {
                      "element": <WrapperComponent
                        Component={[Function]}
                        context={null}
                        props={
                                                Object {
                                                                        "addEvents": [Function],
                                                                        "suggestedEvents": Array [
                                                                          Object {
                                                                            "name": "party",
                                                                          },
                                                                        ],
                                                                      }
                        }
/>,
                    },
                  },
                },
              },
              "child": [Circular],
              "effectTag": 32,
              "expirationTime": 0,
              "firstEffect": [Circular],
              "index": 0,
              "key": null,
              "lastEffect": [Circular],
              "memoizedProps": null,
              "memoizedState": Object {
                "element": <WrapperComponent
                  Component={[Function]}
                  context={null}
                  props={
                                    Object {
                                                      "addEvents": [Function],
                                                      "suggestedEvents": Array [
                                                        Object {
                                                          "name": "party",
                                                        },
                                                      ],
                                                    }
                  }
/>,
              },
              "mode": 0,
              "nextEffect": null,
              "pendingProps": null,
              "ref": null,
              "return": null,
              "sibling": null,
              "stateNode": Object {
                "containerInfo": <div>
                  <div>
                                    <div
                                                      class="cards-container-small"
                                    >
                                                      <div
                                                                        class="events-small-box"
                                                      >
                                                                        <img
                                                                                          src="https://www.kent.edu/sites/default/files/styles/teaser_image/public/page/B0B_4055crop.JPG?itok=4ie7uvK-"
                                                                        />
                                                                        <h4>
                                                                                          party
                                                                        </h4>
                                                      </div>
                                    </div>
                  </div>
</div>,
                "context": Object {},
                "current": [Circular],
                "finishedWork": null,
                "firstBatch": null,
                "hydrate": false,
                "nextScheduledRoot": null,
                "pendingChildren": null,
                "pendingCommitExpirationTime": 0,
                "pendingContext": null,
                "remainingExpirationTime": 0,
              },
              "tag": 3,
              "type": null,
              "updateQueue": Object {
                "baseState": Object {
                  "element": <WrapperComponent
                    Component={[Function]}
                    context={null}
                    props={
                                        Object {
                                                            "addEvents": [Function],
                                                            "suggestedEvents": Array [
                                                              Object {
                                                                "name": "party",
                                                              },
                                                            ],
                                                          }
                    }
/>,
                },
                "callbackList": null,
                "capturedValues": null,
                "expirationTime": 0,
                "first": null,
                "hasForceUpdate": false,
                "isInitialized": true,
                "isProcessing": false,
                "last": null,
              },
            },
            "sibling": null,
            "stateNode": WrapperComponent {
              "_reactInternalFiber": [Circular],
              "_reactInternalInstance": Object {},
              "context": Object {},
              "props": Object {
                "Component": [Function],
                "context": null,
                "props": Object {
                  "addEvents": [Function],
                  "suggestedEvents": Array [
                    Object {
                      "name": "party",
                    },
                  ],
                },
              },
              "refs": Object {},
              "state": Object {
                "context": null,
                "mount": true,
                "props": Object {
                  "addEvents": [Function],
                  "suggestedEvents": Array [
                    Object {
                      "name": "party",
                    },
                  ],
                },
              },
              "updater": Object {
                "enqueueForceUpdate": [Function],
                "enqueueReplaceState": [Function],
                "enqueueSetState": [Function],
                "isMounted": [Function],
              },
            },
            "tag": 2,
            "type": [Function],
            "updateQueue": null,
          },
          "sibling": null,
          "stateNode": [Circular],
          "tag": 2,
          "type": [Function],
          "updateQueue": null,
        },
        "_reactInternalInstance": Object {},
        "context": Object {},
        "displayEvents": [Function],
        "eventsInMain": [Function],
        "fetchEvents": [Function],
        "props": Object {
          "addEvents": [Function],
          "suggestedEvents": Array [
            Object {
              "name": "party",
            },
          ],
        },
        "refs": Object {},
        "state": null,
        "updater": Object {
          "enqueueForceUpdate": [Function],
          "enqueueReplaceState": [Function],
          "enqueueSetState": [Function],
          "isMounted": [Function],
        },
      },
      "key": undefined,
      "nodeType": "class",
      "props": Object {
        "addEvents": [Function],
        "suggestedEvents": Array [
          Object {
            "name": "party",
          },
        ],
      },
      "ref": null,
      "rendered": Object {
        "instance": <div>
          <div
                    class="cards-container-small"
          >
                    <div
                              class="events-small-box"
                    >
                              <img
                                        src="https://www.kent.edu/sites/default/files/styles/teaser_image/public/page/B0B_4055crop.JPG?itok=4ie7uvK-"
                              />
                              <h4>
                                        party
                              </h4>
                    </div>
          </div>
</div>,
        "key": undefined,
        "nodeType": "host",
        "props": Object {
          "children": <div
            className="cards-container-small"
>
            <div
                        className="events-small-box"
            >
                        <img
                                    src="https://www.kent.edu/sites/default/files/styles/teaser_image/public/page/B0B_4055crop.JPG?itok=4ie7uvK-"
                        />
                        <h4>
                                    party
                        </h4>
            </div>
</div>,
        },
        "ref": null,
        "rendered": Array [
          Object {
            "instance": <div
              class="cards-container-small"
>
              <div
                            class="events-small-box"
              >
                            <img
                                          src="https://www.kent.edu/sites/default/files/styles/teaser_image/public/page/B0B_4055crop.JPG?itok=4ie7uvK-"
                            />
                            <h4>
                                          party
                            </h4>
              </div>
</div>,
            "key": undefined,
            "nodeType": "host",
            "props": Object {
              "children": Array [
                <div
                  className="events-small-box"
>
                  <img
                                    src="https://www.kent.edu/sites/default/files/styles/teaser_image/public/page/B0B_4055crop.JPG?itok=4ie7uvK-"
                  />
                  <h4>
                                    party
                  </h4>
</div>,
              ],
              "className": "cards-container-small",
            },
            "ref": null,
            "rendered": Array [
              Object {
                "instance": <div
                  class="events-small-box"
>
                  <img
                                    src="https://www.kent.edu/sites/default/files/styles/teaser_image/public/page/B0B_4055crop.JPG?itok=4ie7uvK-"
                  />
                  <h4>
                                    party
                  </h4>
</div>,
                "key": undefined,
                "nodeType": "host",
                "props": Object {
                  "children": Array [
                    <img
                      src="https://www.kent.edu/sites/default/files/styles/teaser_image/public/page/B0B_4055crop.JPG?itok=4ie7uvK-"
/>,
                    <h4>
                      party
</h4>,
                  ],
                  "className": "events-small-box",
                },
                "ref": null,
                "rendered": Array [
                  Object {
                    "instance": <img
                      src="https://www.kent.edu/sites/default/files/styles/teaser_image/public/page/B0B_4055crop.JPG?itok=4ie7uvK-"
/>,
                    "key": undefined,
                    "nodeType": "host",
                    "props": Object {
                      "src": "https://www.kent.edu/sites/default/files/styles/teaser_image/public/page/B0B_4055crop.JPG?itok=4ie7uvK-",
                    },
                    "ref": null,
                    "rendered": Array [
                      undefined,
                    ],
                    "type": "img",
                  },
                  Object {
                    "instance": <h4>
                      party
</h4>,
                    "key": undefined,
                    "nodeType": "host",
                    "props": Object {
                      "children": "party",
                    },
                    "ref": null,
                    "rendered": Array [
                      "party",
                    ],
                    "type": "h4",
                  },
                ],
                "type": "div",
              },
            ],
            "type": "div",
          },
        ],
        "type": "div",
      },
      "type": [Function],
    },
  ],
  Symbol(enzyme.__options__): Object {
    "adapter": ReactSixteenAdapter {
      "options": Object {
        "enableComponentDidUpdateOnSetState": true,
      },
    },
  },
}
`;
