// Jest Snapshot v1, https://goo.gl/fbAQLP

exports[`forms matches snapshot 1`] = `
ShallowWrapper {
  "length": 1,
  Symbol(enzyme.__root__): [Circular],
  Symbol(enzyme.__unrendered__): <Forms
    suggestedEvents={
        Array [
            Object {
              "name": "party",
            },
          ]
    }
/>,
  Symbol(enzyme.__renderer__): Object {
    "batchedUpdates": [Function],
    "getNode": [Function],
    "render": [Function],
    "simulateEvent": [Function],
    "unmount": [Function],
  },
  Symbol(enzyme.__node__): Object {
    "instance": null,
    "key": undefined,
    "nodeType": "host",
    "props": Object {
      "children": Array [
        <NavBar />,
        <div
          className="website"
/>,
        <div
          className="forms"
>
          <div
                    className="forms-menu"
          >
                    <button
                              className="no-selected"
                              onClick={[Function]}
                    >
                              Log In 
                    </button>
                    <button
                              className="selected"
                              onClick={[Function]}
                    >
                              Sign Up 
                    </button>
          </div>
          <SignUp />
</div>,
      ],
      "className": "si-su",
    },
    "ref": null,
    "rendered": Array [
      Object {
        "instance": null,
        "key": undefined,
        "nodeType": "class",
        "props": Object {},
        "ref": null,
        "rendered": null,
        "type": [Function],
      },
      Object {
        "instance": null,
        "key": undefined,
        "nodeType": "host",
        "props": Object {
          "className": "website",
        },
        "ref": null,
        "rendered": null,
        "type": "div",
      },
      Object {
        "instance": null,
        "key": undefined,
        "nodeType": "host",
        "props": Object {
          "children": Array [
            <div
              className="forms-menu"
>
              <button
                            className="no-selected"
                            onClick={[Function]}
              >
                            Log In 
              </button>
              <button
                            className="selected"
                            onClick={[Function]}
              >
                            Sign Up 
              </button>
</div>,
            <SignUp />,
          ],
          "className": "forms",
        },
        "ref": null,
        "rendered": Array [
          Object {
            "instance": null,
            "key": undefined,
            "nodeType": "host",
            "props": Object {
              "children": Array [
                <button
                  className="no-selected"
                  onClick={[Function]}
>
                  Log In 
</button>,
                <button
                  className="selected"
                  onClick={[Function]}
>
                  Sign Up 
</button>,
              ],
              "className": "forms-menu",
            },
            "ref": null,
            "rendered": Array [
              Object {
                "instance": null,
                "key": undefined,
                "nodeType": "host",
                "props": Object {
                  "children": "Log In ",
                  "className": "no-selected",
                  "onClick": [Function],
                },
                "ref": null,
                "rendered": "Log In ",
                "type": "button",
              },
              Object {
                "instance": null,
                "key": undefined,
                "nodeType": "host",
                "props": Object {
                  "children": "Sign Up ",
                  "className": "selected",
                  "onClick": [Function],
                },
                "ref": null,
                "rendered": "Sign Up ",
                "type": "button",
              },
            ],
            "type": "div",
          },
          Object {
            "instance": null,
            "key": undefined,
            "nodeType": "class",
            "props": Object {},
            "ref": null,
            "rendered": null,
            "type": [Function],
          },
        ],
        "type": "div",
      },
    ],
    "type": "div",
  },
  Symbol(enzyme.__nodes__): Array [
    Object {
      "instance": null,
      "key": undefined,
      "nodeType": "host",
      "props": Object {
        "children": Array [
          <NavBar />,
          <div
            className="website"
/>,
          <div
            className="forms"
>
            <div
                        className="forms-menu"
            >
                        <button
                                    className="no-selected"
                                    onClick={[Function]}
                        >
                                    Log In 
                        </button>
                        <button
                                    className="selected"
                                    onClick={[Function]}
                        >
                                    Sign Up 
                        </button>
            </div>
            <SignUp />
</div>,
        ],
        "className": "si-su",
      },
      "ref": null,
      "rendered": Array [
        Object {
          "instance": null,
          "key": undefined,
          "nodeType": "class",
          "props": Object {},
          "ref": null,
          "rendered": null,
          "type": [Function],
        },
        Object {
          "instance": null,
          "key": undefined,
          "nodeType": "host",
          "props": Object {
            "className": "website",
          },
          "ref": null,
          "rendered": null,
          "type": "div",
        },
        Object {
          "instance": null,
          "key": undefined,
          "nodeType": "host",
          "props": Object {
            "children": Array [
              <div
                className="forms-menu"
>
                <button
                                className="no-selected"
                                onClick={[Function]}
                >
                                Log In 
                </button>
                <button
                                className="selected"
                                onClick={[Function]}
                >
                                Sign Up 
                </button>
</div>,
              <SignUp />,
            ],
            "className": "forms",
          },
          "ref": null,
          "rendered": Array [
            Object {
              "instance": null,
              "key": undefined,
              "nodeType": "host",
              "props": Object {
                "children": Array [
                  <button
                    className="no-selected"
                    onClick={[Function]}
>
                    Log In 
</button>,
                  <button
                    className="selected"
                    onClick={[Function]}
>
                    Sign Up 
</button>,
                ],
                "className": "forms-menu",
              },
              "ref": null,
              "rendered": Array [
                Object {
                  "instance": null,
                  "key": undefined,
                  "nodeType": "host",
                  "props": Object {
                    "children": "Log In ",
                    "className": "no-selected",
                    "onClick": [Function],
                  },
                  "ref": null,
                  "rendered": "Log In ",
                  "type": "button",
                },
                Object {
                  "instance": null,
                  "key": undefined,
                  "nodeType": "host",
                  "props": Object {
                    "children": "Sign Up ",
                    "className": "selected",
                    "onClick": [Function],
                  },
                  "ref": null,
                  "rendered": "Sign Up ",
                  "type": "button",
                },
              ],
              "type": "div",
            },
            Object {
              "instance": null,
              "key": undefined,
              "nodeType": "class",
              "props": Object {},
              "ref": null,
              "rendered": null,
              "type": [Function],
            },
          ],
          "type": "div",
        },
      ],
      "type": "div",
    },
  ],
  Symbol(enzyme.__options__): Object {
    "adapter": ReactSixteenAdapter {
      "options": Object {
        "enableComponentDidUpdateOnSetState": true,
      },
    },
  },
}
`;
